---
source: qjsbind-derive/src/derive_gc_mark.rs
expression: "rustfmt_snippet::rustfmt(&generated.to_string()).unwrap()"
---
const _: () = {
    use qjsbind::{c, GcMark, Value};
    impl GcMark for Test {
        fn gc_mark(&mut self, rt: *mut c::JSRuntime, mrk: c::JS_MarkFunc) {
            #[allow(unused_variables)]
            let (rt, mrk) = (rt, mrk);
            GcMark::gc_mark(&mut self.0, rt, mrk);
            GcMark::gc_mark(&mut self.1, rt, mrk);
            GcMark::gc_mark(&mut self.2, rt, mrk);
            GcMark::gc_mark(&mut self.3, rt, mrk);
        }
    }
};
